// Jest Snapshot v1, https://goo.gl/fbAQLP

exports[`UiText renders correctly 1`] = `
<div>
  <p>
    This is UiText. 
  </p>
</div>
`;
